1789842338.844 21:25:38.843 discovery: browsing _motoparty._tcp for 3 s
1789842338.845 21:25:38.845 commands: talk | say <text> | pause | resume | next | previous | vol+ | vol- (local) |
1789842338.845           unavailable (toggle "my mic is dead") | stats | raw <json> (send unvalidated) | quit
1789842340.264 21:25:40.263 discovery: bonjour found 'Pixel 8' at 10.148.67.218:47800 txt={'http': '47802', 'proto': '1', 'voice': '47801'}
1789842340.484 21:25:40.483 connected to 10.148.67.218:47800
1789842340.484 21:25:40.483 << {"t":"hello","proto":1,"role":"host","name":"Pixel 8","voicePort":47801,"httpPort":47802}
1789842340.490 21:25:40.489 << {"t":"state","talk":false,"queue":[]}
1789842340.512 21:25:40.511 << pong id=1 rtt=14ms offset=2278716022.0ms | estimate offset=2278716022.0ms (rtt 14ms)
1789842342.507 21:25:42.507 << pong id=2 rtt=14ms offset=2278716023.0ms | estimate offset=2278716023.0ms (rtt 14ms)
1789842344.506 21:25:44.505 << pong id=3 rtt=9ms offset=2278716023.5ms | estimate offset=2278716023.5ms (rtt 9ms)
1789842346.517 21:25:46.517 << pong id=4 rtt=18ms offset=2278716029.0ms | estimate offset=2278716023.5ms (rtt 9ms)
1789842348.526 21:25:48.525 << pong id=5 rtt=28ms offset=2278716034.0ms | estimate offset=2278716023.5ms (rtt 9ms)
1789842350.514 21:25:50.513 << pong id=6 rtt=15ms offset=2278716024.5ms | estimate offset=2278716023.5ms (rtt 9ms)
1789842350.655 21:25:50.654 voice: rx=0 ka=10 played=0 fec=0 plc=0 late=0 dup=0 dtx=0 starved=0 underruns=0 trimmed=0 depth=0ms target=40ms
1789842350.655 21:25:50.654 clock: offset=2278716023.5ms rtt=9ms
1789842352.510 21:25:52.509 << pong id=7 rtt=9ms offset=2278716025.5ms | estimate offset=2278716025.5ms (rtt 9ms)
1789842354.515 21:25:54.514 << pong id=8 rtt=10ms offset=2278716024.0ms | estimate offset=2278716025.5ms (rtt 9ms)
1789842356.515 21:25:56.514 << pong id=9 rtt=13ms offset=2278716024.5ms | estimate offset=2278716025.5ms (rtt 9ms)
1789842358.512 21:25:58.511 << pong id=10 rtt=8ms offset=2278716025.0ms | estimate offset=2278716025.0ms (rtt 8ms)
1789842360.522 21:26:00.522 << pong id=11 rtt=13ms offset=2278716027.5ms | estimate offset=2278716025.0ms (rtt 8ms)
1789842362.521 21:26:02.520 << pong id=12 rtt=13ms offset=2278716024.5ms | estimate offset=2278716025.0ms (rtt 8ms)
1789842364.546 21:26:04.545 << pong id=13 rtt=37ms offset=2278716012.5ms | estimate offset=2278716025.0ms (rtt 8ms)
1789842366.521 21:26:06.520 << pong id=14 rtt=12ms offset=2278716024.0ms | estimate offset=2278716025.0ms (rtt 8ms)
1789842368.525 21:26:08.525 << pong id=15 rtt=13ms offset=2278716024.5ms | estimate offset=2278716025.0ms (rtt 8ms)
1789842370.524 21:26:10.523 << pong id=16 rtt=11ms offset=2278716023.5ms | estimate offset=2278716025.0ms (rtt 8ms)
1789842372.523 21:26:12.522 << pong id=17 rtt=10ms offset=2278716025.0ms | estimate offset=2278716025.0ms (rtt 8ms)
1789842374.524 21:26:14.523 << pong id=18 rtt=9ms offset=2278716024.5ms | estimate offset=2278716024.5ms (rtt 9ms)
1789842376.523 21:26:16.522 << pong id=19 rtt=8ms offset=2278716025.0ms | estimate offset=2278716025.0ms (rtt 8ms)
1789842378.525 21:26:18.525 << pong id=20 rtt=10ms offset=2278716025.0ms | estimate offset=2278716025.0ms (rtt 8ms)
1789842380.525 21:26:20.524 << pong id=21 rtt=10ms offset=2278716024.0ms | estimate offset=2278716025.0ms (rtt 8ms)
1789842382.527 21:26:22.526 << pong id=22 rtt=10ms offset=2278716025.0ms | estimate offset=2278716025.0ms (rtt 8ms)
1789842384.527 21:26:24.526 << pong id=23 rtt=10ms offset=2278716025.0ms | estimate offset=2278716025.0ms (rtt 8ms)
1789842386.530 21:26:26.529 << pong id=24 rtt=12ms offset=2278716026.0ms | estimate offset=2278716025.0ms (rtt 8ms)
1789842388.529 21:26:28.528 << pong id=25 rtt=9ms offset=2278716024.5ms | estimate offset=2278716025.0ms (rtt 8ms)
1789842390.529 21:26:30.529 << pong id=26 rtt=8ms offset=2278716026.0ms | estimate offset=2278716026.0ms (rtt 8ms)
1789842392.621 21:26:32.620 << pong id=27 rtt=100ms offset=2278716071.0ms | estimate offset=2278716026.0ms (rtt 8ms)
1789842394.531 21:26:34.531 << pong id=28 rtt=8ms offset=2278716025.0ms | estimate offset=2278716025.0ms (rtt 8ms)
1789842396.536 21:26:36.536 << pong id=29 rtt=10ms offset=2278716025.0ms | estimate offset=2278716025.0ms (rtt 8ms)
1789842398.559 21:26:38.559 << pong id=30 rtt=33ms offset=2278716037.5ms | estimate offset=2278716025.0ms (rtt 8ms)
1789842400.538 21:26:40.537 << pong id=31 rtt=11ms offset=2278716022.5ms | estimate offset=2278716025.0ms (rtt 8ms)
1789842402.544 21:26:42.544 << pong id=32 rtt=14ms offset=2278716026.0ms | estimate offset=2278716025.0ms (rtt 8ms)
1789842404.538 21:26:44.538 << pong id=33 rtt=10ms offset=2278716026.0ms | estimate offset=2278716025.0ms (rtt 8ms)
1789842406.539 21:26:46.538 << pong id=34 rtt=9ms offset=2278716025.5ms | estimate offset=2278716025.0ms (rtt 8ms)
1789842408.539 21:26:48.539 << pong id=35 rtt=9ms offset=2278716025.5ms | estimate offset=2278716025.0ms (rtt 8ms)
1789842410.541 21:26:50.540 << pong id=36 rtt=9ms offset=2278716028.5ms | estimate offset=2278716028.5ms (rtt 9ms)
1789842412.544 21:26:52.544 << pong id=37 rtt=10ms offset=2278716026.0ms | estimate offset=2278716028.5ms (rtt 9ms)
1789842414.550 21:26:54.550 << pong id=38 rtt=13ms offset=2278716024.5ms | estimate offset=2278716028.5ms (rtt 9ms)
1789842416.553 21:26:56.552 << pong id=39 rtt=15ms offset=2278716022.5ms | estimate offset=2278716028.5ms (rtt 9ms)
1789842418.550 21:26:58.549 << pong id=40 rtt=11ms offset=2278716026.5ms | estimate offset=2278716028.5ms (rtt 9ms)
1789842420.560 21:27:00.559 << pong id=41 rtt=20ms offset=2278716028.0ms | estimate offset=2278716028.5ms (rtt 9ms)
1789842422.553 21:27:02.552 << pong id=42 rtt=12ms offset=2278716026.0ms | estimate offset=2278716028.5ms (rtt 9ms)
1789842424.552 21:27:04.551 << pong id=43 rtt=10ms offset=2278716025.0ms | estimate offset=2278716028.5ms (rtt 9ms)
1789842426.552 21:27:06.551 << pong id=44 rtt=9ms offset=2278716025.5ms | estimate offset=2278716025.5ms (rtt 9ms)
1789842428.555 21:27:08.554 << pong id=45 rtt=12ms offset=2278716025.0ms | estimate offset=2278716025.5ms (rtt 9ms)
1789842430.554 21:27:10.553 << pong id=46 rtt=11ms offset=2278716025.5ms | estimate offset=2278716025.5ms (rtt 9ms)
1789842432.553 21:27:12.552 << pong id=47 rtt=9ms offset=2278716026.5ms | estimate offset=2278716026.5ms (rtt 9ms)
1789842434.557 21:27:14.556 << pong id=48 rtt=10ms offset=2278716025.0ms | estimate offset=2278716026.5ms (rtt 9ms)
1789842436.556 21:27:16.555 << pong id=49 rtt=10ms offset=2278716026.0ms | estimate offset=2278716026.5ms (rtt 9ms)
1789842438.559 21:27:18.559 << pong id=50 rtt=11ms offset=2278716024.5ms | estimate offset=2278716026.5ms (rtt 9ms)
1789842439.202 21:27:19.201 voice: rx=0 ka=99 played=0 fec=0 plc=0 late=0 dup=0 dtx=0 starved=0 underruns=0 trimmed=0 depth=0ms target=40ms
1789842439.202 21:27:19.201 clock: offset=2278716026.5ms rtt=9ms
1789842440.556 21:27:20.555 << pong id=51 rtt=8ms offset=2278716026.0ms | estimate offset=2278716026.0ms (rtt 8ms)
1789842442.564 21:27:22.563 << pong id=52 rtt=13ms offset=2278716026.5ms | estimate offset=2278716026.0ms (rtt 8ms)
1789842444.567 21:27:24.567 << pong id=53 rtt=15ms offset=2278716023.5ms | estimate offset=2278716026.0ms (rtt 8ms)
1789842446.572 21:27:26.571 << pong id=54 rtt=17ms offset=2278716025.5ms | estimate offset=2278716026.0ms (rtt 8ms)
1789842448.568 21:27:28.567 << pong id=55 rtt=12ms offset=2278716027.0ms | estimate offset=2278716026.0ms (rtt 8ms)
1789842450.572 21:27:30.571 << pong id=56 rtt=16ms offset=2278716025.0ms | estimate offset=2278716026.0ms (rtt 8ms)
1789842452.571 21:27:32.570 << pong id=57 rtt=15ms offset=2278716025.5ms | estimate offset=2278716026.0ms (rtt 8ms)
1789842454.575 21:27:34.574 << pong id=58 rtt=18ms offset=2278716024.0ms | estimate offset=2278716026.0ms (rtt 8ms)
1789842456.576 21:27:36.575 << pong id=59 rtt=16ms offset=2278716025.0ms | estimate offset=2278716027.0ms (rtt 12ms)
1789842458.575 21:27:38.575 << pong id=60 rtt=15ms offset=2278716025.5ms | estimate offset=2278716027.0ms (rtt 12ms)
1789842460.574 21:27:40.573 << pong id=61 rtt=13ms offset=2278716025.5ms | estimate offset=2278716027.0ms (rtt 12ms)
1789842462.574 21:27:42.574 << pong id=62 rtt=12ms offset=2278716026.0ms | estimate offset=2278716026.0ms (rtt 12ms)
1789842464.573 21:27:44.573 << pong id=63 rtt=11ms offset=2278716027.5ms | estimate offset=2278716027.5ms (rtt 11ms)
1789842466.577 21:27:46.576 << pong id=64 rtt=13ms offset=2278716024.5ms | estimate offset=2278716027.5ms (rtt 11ms)
1789842468.590 21:27:48.590 << pong id=65 rtt=24ms offset=2278716021.0ms | estimate offset=2278716027.5ms (rtt 11ms)
1789842470.581 21:27:50.581 << pong id=66 rtt=14ms offset=2278716025.0ms | estimate offset=2278716027.5ms (rtt 11ms)
1789842472.587 21:27:52.586 << pong id=67 rtt=15ms offset=2278716025.5ms | estimate offset=2278716027.5ms (rtt 11ms)
1789842474.588 21:27:54.588 << pong id=68 rtt=18ms offset=2278716027.0ms | estimate offset=2278716027.5ms (rtt 11ms)
1789842476.589 21:27:56.588 << pong id=69 rtt=16ms offset=2278716025.0ms | estimate offset=2278716027.5ms (rtt 11ms)
1789842478.585 21:27:58.584 << pong id=70 rtt=13ms offset=2278716026.5ms | estimate offset=2278716027.5ms (rtt 11ms)
1789842480.586 21:28:00.585 << pong id=71 rtt=12ms offset=2278716026.0ms | estimate offset=2278716026.0ms (rtt 12ms)
1789842482.589 21:28:02.588 << pong id=72 rtt=14ms offset=2278716026.0ms | estimate offset=2278716026.0ms (rtt 12ms)
1789842484.589 21:28:04.588 << pong id=73 rtt=15ms offset=2278716026.5ms | estimate offset=2278716026.0ms (rtt 12ms)
1789842486.593 21:28:06.593 << pong id=74 rtt=15ms offset=2278716025.5ms | estimate offset=2278716026.0ms (rtt 12ms)
1789842488.593 21:28:08.593 << pong id=75 rtt=16ms offset=2278716024.0ms | estimate offset=2278716026.0ms (rtt 12ms)
1789842490.594 21:28:10.594 << pong id=76 rtt=15ms offset=2278716025.5ms | estimate offset=2278716026.0ms (rtt 12ms)
1789842492.596 21:28:12.596 << pong id=77 rtt=15ms offset=2278716025.5ms | estimate offset=2278716026.0ms (rtt 12ms)
1789842494.591 21:28:14.590 << pong id=78 rtt=12ms offset=2278716029.0ms | estimate offset=2278716029.0ms (rtt 12ms)
1789842496.592 21:28:16.592 << pong id=79 rtt=11ms offset=2278716026.5ms | estimate offset=2278716026.5ms (rtt 11ms)
1789842498.596 21:28:18.595 << pong id=80 rtt=14ms offset=2278716027.0ms | estimate offset=2278716026.5ms (rtt 11ms)
1789842500.596 21:28:20.596 << pong id=81 rtt=13ms offset=2278716027.5ms | estimate offset=2278716026.5ms (rtt 11ms)
1789842502.597 21:28:22.596 << pong id=82 rtt=14ms offset=2278716027.0ms | estimate offset=2278716026.5ms (rtt 11ms)
1789842504.604 21:28:24.603 << pong id=83 rtt=16ms offset=2278716025.0ms | estimate offset=2278716026.5ms (rtt 11ms)
1789842506.603 21:28:26.602 << pong id=84 rtt=12ms offset=2278716028.0ms | estimate offset=2278716026.5ms (rtt 11ms)
1789842508.598 21:28:28.597 << pong id=85 rtt=10ms offset=2278716027.0ms | estimate offset=2278716027.0ms (rtt 10ms)
1789842510.607 21:28:30.607 << pong id=86 rtt=16ms offset=2278716026.0ms | estimate offset=2278716027.0ms (rtt 10ms)
1789842512.612 21:28:32.611 << pong id=87 rtt=19ms offset=2278716024.5ms | estimate offset=2278716027.0ms (rtt 10ms)
1789842514.609 21:28:34.609 << pong id=88 rtt=15ms offset=2278716026.5ms | estimate offset=2278716027.0ms (rtt 10ms)
1789842516.610 21:28:36.610 << pong id=89 rtt=15ms offset=2278716027.5ms | estimate offset=2278716027.0ms (rtt 10ms)
1789842518.607 21:28:38.606 << pong id=90 rtt=12ms offset=2278716028.0ms | estimate offset=2278716027.0ms (rtt 10ms)
1789842520.619 21:28:40.618 << pong id=91 rtt=19ms offset=2278716029.5ms | estimate offset=2278716027.0ms (rtt 10ms)
1789842522.611 21:28:42.610 << pong id=92 rtt=15ms offset=2278716027.5ms | estimate offset=2278716027.0ms (rtt 10ms)
1789842524.610 21:28:44.609 << pong id=93 rtt=13ms offset=2278716028.5ms | estimate offset=2278716028.0ms (rtt 12ms)
1789842526.615 21:28:46.614 << pong id=94 rtt=16ms offset=2278716027.0ms | estimate offset=2278716028.0ms (rtt 12ms)
1789842528.616 21:28:48.616 << pong id=95 rtt=16ms offset=2278716026.0ms | estimate offset=2278716028.0ms (rtt 12ms)
1789842530.613 21:28:50.613 << pong id=96 rtt=13ms offset=2278716028.5ms | estimate offset=2278716028.0ms (rtt 12ms)
1789842532.615 21:28:52.614 << pong id=97 rtt=11ms offset=2278716028.5ms | estimate offset=2278716028.5ms (rtt 11ms)
1789842534.614 21:28:54.613 << pong id=98 rtt=12ms offset=2278716027.0ms | estimate offset=2278716028.5ms (rtt 11ms)
1789842536.617 21:28:56.616 << pong id=99 rtt=11ms offset=2278716026.5ms | estimate offset=2278716026.5ms (rtt 11ms)
1789842538.622 21:28:58.622 << pong id=100 rtt=15ms offset=2278716026.5ms | estimate offset=2278716026.5ms (rtt 11ms)
1789842540.617 21:29:00.617 << pong id=101 rtt=10ms offset=2278716029.0ms | estimate offset=2278716029.0ms (rtt 10ms)
1789842542.624 21:29:02.623 << pong id=102 rtt=16ms offset=2278716027.0ms | estimate offset=2278716029.0ms (rtt 10ms)
1789842544.624 21:29:04.623 << pong id=103 rtt=16ms offset=2278716027.0ms | estimate offset=2278716029.0ms (rtt 10ms)
1789842546.622 21:29:06.622 << pong id=104 rtt=14ms offset=2278716028.0ms | estimate offset=2278716029.0ms (rtt 10ms)
1789842548.628 21:29:08.627 << pong id=105 rtt=17ms offset=2278716026.5ms | estimate offset=2278716029.0ms (rtt 10ms)
1789842550.627 21:29:10.627 << pong id=106 rtt=16ms offset=2278716027.0ms | estimate offset=2278716029.0ms (rtt 10ms)
1789842552.630 21:29:12.629 << pong id=107 rtt=16ms offset=2278716027.0ms | estimate offset=2278716029.0ms (rtt 10ms)
1789842554.631 21:29:14.630 << pong id=108 rtt=15ms offset=2278716026.5ms | estimate offset=2278716029.0ms (rtt 10ms)
1789842556.630 21:29:16.629 << pong id=109 rtt=14ms offset=2278716027.0ms | estimate offset=2278716027.0ms (rtt 14ms)
1789842558.633 21:29:18.633 << pong id=110 rtt=16ms offset=2278716028.0ms | estimate offset=2278716027.0ms (rtt 14ms)
1789842560.636 21:29:20.635 << pong id=111 rtt=18ms offset=2278716027.0ms | estimate offset=2278716027.0ms (rtt 14ms)
1789842562.637 21:29:22.636 << pong id=112 rtt=17ms offset=2278716027.5ms | estimate offset=2278716027.0ms (rtt 14ms)
1789842564.636 21:29:24.635 << pong id=113 rtt=14ms offset=2278716028.0ms | estimate offset=2278716028.0ms (rtt 14ms)
1789842566.643 21:29:26.643 << pong id=114 rtt=21ms offset=2278716025.5ms | estimate offset=2278716028.0ms (rtt 14ms)
1789842568.636 21:29:28.636 << pong id=115 rtt=13ms offset=2278716028.5ms | estimate offset=2278716028.5ms (rtt 13ms)
1789842570.637 21:29:30.636 << pong id=116 rtt=14ms offset=2278716029.0ms | estimate offset=2278716028.5ms (rtt 13ms)
1789842572.638 21:29:32.638 << pong id=117 rtt=13ms offset=2278716028.5ms | estimate offset=2278716028.5ms (rtt 13ms)
1789842574.635 21:29:34.634 << pong id=118 rtt=10ms offset=2278716030.0ms | estimate offset=2278716030.0ms (rtt 10ms)
1789842576.638 21:29:36.637 << pong id=119 rtt=14ms offset=2278716029.0ms | estimate offset=2278716030.0ms (rtt 10ms)
1789842578.638 21:29:38.638 << pong id=120 rtt=11ms offset=2278716028.5ms | estimate offset=2278716030.0ms (rtt 10ms)
1789842580.646 21:29:40.645 << pong id=121 rtt=14ms offset=2278716026.0ms | estimate offset=2278716030.0ms (rtt 10ms)
1789842582.643 21:29:42.642 << pong id=122 rtt=14ms offset=2278716029.0ms | estimate offset=2278716030.0ms (rtt 10ms)
1789842584.639 21:29:44.638 << pong id=123 rtt=9ms offset=2278716029.5ms | estimate offset=2278716029.5ms (rtt 9ms)
1789842586.647 21:29:46.647 << pong id=124 rtt=15ms offset=2278716029.5ms | estimate offset=2278716029.5ms (rtt 9ms)
1789842588.646 21:29:48.645 << pong id=125 rtt=13ms offset=2278716028.5ms | estimate offset=2278716029.5ms (rtt 9ms)
1789842590.648 21:29:50.647 << pong id=126 rtt=14ms offset=2278716028.0ms | estimate offset=2278716029.5ms (rtt 9ms)
1789842592.651 21:29:52.650 << pong id=127 rtt=17ms offset=2278716029.5ms | estimate offset=2278716029.5ms (rtt 9ms)
1789842594.684 21:29:54.684 << pong id=128 rtt=48ms offset=2278716012.0ms | estimate offset=2278716029.5ms (rtt 9ms)
1789842596.649 21:29:56.648 << pong id=129 rtt=11ms offset=2278716028.5ms | estimate offset=2278716029.5ms (rtt 9ms)
1789842598.666 21:29:58.665 << pong id=130 rtt=28ms offset=2278716038.0ms | estimate offset=2278716029.5ms (rtt 9ms)
1789842600.681 21:30:00.680 << pong id=131 rtt=41ms offset=2278716043.5ms | estimate offset=2278716028.5ms (rtt 11ms)
1789842602.649 21:30:02.648 << pong id=132 rtt=11ms offset=2278716031.5ms | estimate offset=2278716031.5ms (rtt 11ms)
1789842604.656 21:30:04.655 << pong id=133 rtt=16ms offset=2278716028.0ms | estimate offset=2278716031.5ms (rtt 11ms)
1789842606.653 21:30:06.653 << pong id=134 rtt=14ms offset=2278716028.0ms | estimate offset=2278716031.5ms (rtt 11ms)
1789842608.654 21:30:08.653 << pong id=135 rtt=12ms offset=2278716030.0ms | estimate offset=2278716031.5ms (rtt 11ms)
1789842610.655 21:30:10.654 << pong id=136 rtt=14ms offset=2278716029.0ms | estimate offset=2278716031.5ms (rtt 11ms)
1789842612.658 21:30:12.658 << pong id=137 rtt=15ms offset=2278716028.5ms | estimate offset=2278716031.5ms (rtt 11ms)
1789842614.659 21:30:14.658 << pong id=138 rtt=13ms offset=2278716029.5ms | estimate offset=2278716031.5ms (rtt 11ms)
1789842616.662 21:30:16.661 << pong id=139 rtt=15ms offset=2278716028.5ms | estimate offset=2278716031.5ms (rtt 11ms)
1789842618.663 21:30:18.662 << pong id=140 rtt=14ms offset=2278716029.0ms | estimate offset=2278716030.0ms (rtt 12ms)
1789842620.666 21:30:20.665 << pong id=141 rtt=15ms offset=2278716028.5ms | estimate offset=2278716030.0ms (rtt 12ms)
1789842622.665 21:30:22.664 << pong id=142 rtt=14ms offset=2278716029.0ms | estimate offset=2278716030.0ms (rtt 12ms)
1789842624.670 21:30:24.669 << pong id=143 rtt=18ms offset=2278716028.0ms | estimate offset=2278716029.5ms (rtt 13ms)
1789842626.665 21:30:26.665 << pong id=144 rtt=14ms offset=2278716030.0ms | estimate offset=2278716029.5ms (rtt 13ms)
1789842628.670 21:30:28.669 << pong id=145 rtt=14ms offset=2278716028.0ms | estimate offset=2278716029.5ms (rtt 13ms)
1789842630.670 21:30:30.669 << pong id=146 rtt=13ms offset=2278716029.5ms | estimate offset=2278716029.5ms (rtt 13ms)
1789842632.670 21:30:32.669 << pong id=147 rtt=14ms offset=2278716029.0ms | estimate offset=2278716029.5ms (rtt 13ms)
1789842634.667 21:30:34.667 << pong id=148 rtt=10ms offset=2278716031.0ms | estimate offset=2278716031.0ms (rtt 10ms)
1789842636.668 21:30:36.668 << pong id=149 rtt=12ms offset=2278716031.0ms | estimate offset=2278716031.0ms (rtt 10ms)
1789842638.673 21:30:38.672 << pong id=150 rtt=15ms offset=2278716029.5ms | estimate offset=2278716031.0ms (rtt 10ms)
1789842640.677 21:30:40.676 << pong id=151 rtt=15ms offset=2278716029.5ms | estimate offset=2278716031.0ms (rtt 10ms)
1789842642.675 21:30:42.675 << pong id=152 rtt=14ms offset=2278716029.0ms | estimate offset=2278716031.0ms (rtt 10ms)
1789842644.672 21:30:44.672 << pong id=153 rtt=11ms offset=2278716031.5ms | estimate offset=2278716031.0ms (rtt 10ms)
1789842646.785 21:30:46.784 << pong id=154 rtt=121ms offset=2278716082.5ms | estimate offset=2278716031.0ms (rtt 10ms)
1789842648.676 21:30:48.676 << pong id=155 rtt=11ms offset=2278716031.5ms | estimate offset=2278716031.0ms (rtt 10ms)
1789842649.354 21:30:49.353 voice: rx=0 ka=307 played=0 fec=0 plc=0 late=0 dup=0 dtx=0 starved=0 underruns=0 trimmed=0 depth=0ms target=40ms
1789842649.354 21:30:49.353 clock: offset=2278716031.0ms rtt=10ms
1789842649.358 21:30:49.357 >> {"t":"talk.open","by":"client"}
1789842649.381 21:30:49.380 << {"t":"talk.open","by":"client"}
1789842649.381 21:30:49.381 TALK OPEN - sending 440 Hz tone
1789842649.383 21:30:49.382 << {"t":"state","talk":true,"queue":[]}
1789842650.662 21:30:50.661 voice rx: rx=17 ka=308 played=17 fec=0 plc=0 late=0 dup=0 dtx=0 starved=3 underruns=0 trimmed=0 depth=0ms target=40ms | tx: audio=63 dtx_skipped=0 keepalive=306
1789842650.683 21:30:50.683 << pong id=156 rtt=15ms offset=2278716029.5ms | estimate offset=2278716031.5ms (rtt 11ms)
1789842652.663 21:30:52.663 voice rx: rx=17 ka=310 played=17 fec=0 plc=0 late=0 dup=0 dtx=0 starved=3 underruns=0 trimmed=0 depth=0ms target=40ms | tx: audio=164 dtx_skipped=0 keepalive=306
1789842652.684 21:30:52.683 << pong id=157 rtt=17ms offset=2278716029.5ms | estimate offset=2278716031.5ms (rtt 11ms)
1789842654.665 21:30:54.664 voice rx: rx=17 ka=312 played=17 fec=0 plc=0 late=0 dup=0 dtx=0 starved=3 underruns=0 trimmed=0 depth=0ms target=40ms | tx: audio=264 dtx_skipped=0 keepalive=306
1789842654.680 21:30:54.679 << pong id=158 rtt=11ms offset=2278716029.5ms | estimate offset=2278716029.5ms (rtt 11ms)
1789842656.666 21:30:56.665 voice rx: rx=17 ka=314 played=17 fec=0 plc=0 late=0 dup=0 dtx=0 starved=3 underruns=0 trimmed=0 depth=0ms target=40ms | tx: audio=364 dtx_skipped=0 keepalive=306
1789842656.682 21:30:56.681 << pong id=159 rtt=11ms offset=2278716029.5ms | estimate offset=2278716029.5ms (rtt 11ms)
1789842657.360 21:30:57.359 voice: rx=17 ka=314 played=17 fec=0 plc=0 late=0 dup=0 dtx=0 starved=3 underruns=0 trimmed=0 depth=0ms target=40ms
1789842657.360 21:30:57.359 clock: offset=2278716029.5ms rtt=11ms
1789842657.360 21:30:57.360 >> {"t":"talk.close","by":"client","reason":"trigger"}
1789842657.379 21:30:57.378 << {"t":"talk.close","by":"client","reason":"trigger"}
1789842657.379 21:30:57.378 TALK CLOSED
1789842657.384 21:30:57.383 << {"t":"state","talk":false,"queue":[]}
1789842658.689 21:30:58.689 << pong id=160 rtt=16ms offset=2278716032.0ms | estimate offset=2278716029.5ms (rtt 11ms)
1789842660.366 21:31:00.365 >> {"t":"bye","reason":"user"}
1789842660.366 21:31:00.365 voice (final): rx=17 ka=317 played=17 fec=0 plc=0 late=0 dup=0 dtx=0 starved=3 underruns=0 trimmed=0 depth=0ms target=40ms
1789842660.366 21:31:00.366 bye
