1789850591.162 23:43:11.162 connecting to 192.168.1.100:47800
1789850591.163 23:43:11.162 commands: talk | say <text> | pause | resume | next | previous | vol+ | vol- (local) |
1789850591.163           unavailable (toggle "my mic is dead") | stats | raw <json> (send unvalidated) | quit
1789850591.265 23:43:11.265 connected to 192.168.1.100:47800
1789850591.265 23:43:11.265 << {"t":"hello","proto":1,"role":"host","name":"Pixel 8","voicePort":47801,"httpPort":47802}
1789850591.271 23:43:11.270 << {"t":"state","talk":false,"queue":[]}
1789850591.297 23:43:11.296 << pong id=1 rtt=19ms offset=2278716189.5ms | estimate offset=2278716189.5ms (rtt 19ms)
1789850593.340 23:43:13.340 << pong id=2 rtt=62ms offset=2278716213.0ms | estimate offset=2278716189.5ms (rtt 19ms)
1789850595.381 23:43:15.380 << pong id=3 rtt=104ms offset=2278716233.0ms | estimate offset=2278716189.5ms (rtt 19ms)
1789850596.060 23:43:16.060 voice: rx=0 ka=5 played=0 fec=0 plc=0 late=0 dup=0 dtx=0 starved=0 underruns=0 trimmed=0 depth=0ms target=40ms
1789850596.060 23:43:16.060 clock: offset=2278716189.5ms rtt=19ms
1789850596.060 23:43:16.060 >> {"t":"talk.open","by":"client"}
1789850596.164 23:43:16.163 << {"t":"talk.open","by":"client"}
1789850596.164 23:43:16.164 TALK OPEN - sending 440 Hz tone
1789850596.169 23:43:16.168 << {"t":"state","talk":true,"queue":[]}
1789850597.273 23:43:17.272 voice rx: rx=17 ka=6 played=16 fec=0 plc=0 late=0 dup=0 dtx=0 starved=0 underruns=0 trimmed=0 depth=20ms target=40ms | tx: audio=55 dtx_skipped=0 keepalive=5
1789850597.300 23:43:17.299 << pong id=4 rtt=20ms offset=2278716185.0ms | estimate offset=2278716189.5ms (rtt 19ms)
1789850599.274 23:43:19.273 voice rx: rx=36 ka=7 played=36 fec=0 plc=0 late=0 dup=0 dtx=0 starved=6 underruns=0 trimmed=0 depth=0ms target=40ms | tx: audio=155 dtx_skipped=0 keepalive=5
1789850599.293 23:43:19.292 << pong id=5 rtt=13ms offset=2278716189.5ms | estimate offset=2278716189.5ms (rtt 13ms)
1789850601.275 23:43:21.274 voice rx: rx=130 ka=7 played=129 fec=0 plc=0 late=0 dup=0 dtx=0 starved=6 underruns=0 trimmed=0 depth=20ms target=40ms | tx: audio=255 dtx_skipped=0 keepalive=5
1789850601.293 23:43:21.292 << pong id=6 rtt=11ms offset=2278716189.5ms | estimate offset=2278716189.5ms (rtt 11ms)
1789850603.275 23:43:23.275 voice rx: rx=167 ka=7 played=167 fec=0 plc=0 late=0 dup=0 dtx=0 starved=18 underruns=0 trimmed=0 depth=0ms target=40ms | tx: audio=355 dtx_skipped=0 keepalive=5
1789850603.295 23:43:23.294 << pong id=7 rtt=15ms offset=2278716189.5ms | estimate offset=2278716189.5ms (rtt 11ms)
1789850604.063 23:43:24.062 voice: rx=200 ka=7 played=198 fec=0 plc=0 late=0 dup=0 dtx=0 starved=18 underruns=0 trimmed=0 depth=40ms target=40ms
1789850604.063 23:43:24.062 clock: offset=2278716189.5ms rtt=11ms
1789850604.063 23:43:24.062 >> {"t":"talk.close","by":"client","reason":"trigger"}
1789850604.090 23:43:24.089 << {"t":"talk.close","by":"client","reason":"trigger"}
1789850604.090 23:43:24.089 TALK CLOSED
1789850604.092 23:43:24.092 << {"t":"state","talk":false,"queue":[]}
1789850605.276 23:43:25.276 voice rx: rx=202 ka=8 played=202 fec=0 plc=0 late=0 dup=0 dtx=0 starved=21 underruns=0 trimmed=0 depth=0ms target=40ms | tx: audio=396 dtx_skipped=0 keepalive=6
1789850605.292 23:43:25.291 << pong id=8 rtt=11ms offset=2278716189.5ms | estimate offset=2278716189.5ms (rtt 11ms)
1789850607.296 23:43:27.296 << pong id=9 rtt=12ms offset=2278716190.0ms | estimate offset=2278716189.5ms (rtt 11ms)
1789850608.066 23:43:28.065 >> {"t":"talk.open","by":"client"}
1789850608.091 23:43:28.090 << {"t":"talk.open","by":"client"}
1789850608.091 23:43:28.091 TALK OPEN - sending 440 Hz tone
1789850608.095 23:43:28.095 << {"t":"state","talk":true,"queue":[]}
1789850609.278 23:43:29.278 voice rx: rx=221 ka=11 played=221 fec=0 plc=0 late=0 dup=0 dtx=0 starved=24 underruns=0 trimmed=0 depth=0ms target=40ms | tx: audio=455 dtx_skipped=0 keepalive=8
1789850609.294 23:43:29.294 << pong id=10 rtt=10ms offset=2278716190.0ms | estimate offset=2278716190.0ms (rtt 10ms)
1789850611.279 23:43:31.279 voice rx: rx=221 ka=13 played=221 fec=0 plc=0 late=0 dup=0 dtx=0 starved=24 underruns=0 trimmed=0 depth=0ms target=40ms | tx: audio=555 dtx_skipped=0 keepalive=8
1789850611.297 23:43:31.296 << pong id=11 rtt=12ms offset=2278716189.0ms | estimate offset=2278716190.0ms (rtt 10ms)
1789850613.281 23:43:33.280 voice rx: rx=277 ka=13 played=277 fec=0 plc=0 late=0 dup=0 dtx=0 starved=27 underruns=0 trimmed=0 depth=0ms target=40ms | tx: audio=655 dtx_skipped=0 keepalive=8
1789850613.298 23:43:33.297 << pong id=12 rtt=11ms offset=2278716189.5ms | estimate offset=2278716190.0ms (rtt 10ms)
1789850615.281 23:43:35.281 voice rx: rx=288 ka=14 played=288 fec=0 plc=0 late=0 dup=0 dtx=0 starved=30 underruns=0 trimmed=0 depth=0ms target=40ms | tx: audio=755 dtx_skipped=0 keepalive=8
1789850615.299 23:43:35.298 << pong id=13 rtt=13ms offset=2278716188.5ms | estimate offset=2278716190.0ms (rtt 10ms)
1789850616.069 23:43:36.068 voice: rx=302 ka=15 played=300 fec=0 plc=0 late=0 dup=0 dtx=0 starved=30 underruns=0 trimmed=0 depth=40ms target=40ms
1789850616.069 23:43:36.068 clock: offset=2278716190.0ms rtt=10ms
1789850616.069 23:43:36.068 >> {"t":"talk.close","by":"client","reason":"trigger"}
1789850616.101 23:43:36.100 << {"t":"talk.close","by":"client","reason":"trigger"}
1789850616.101 23:43:36.100 TALK CLOSED
1789850616.101 23:43:36.100 << {"t":"state","talk":false,"queue":[]}
1789850617.283 23:43:37.282 voice rx: rx=304 ka=16 played=304 fec=0 plc=0 late=0 dup=0 dtx=0 starved=33 underruns=0 trimmed=0 depth=0ms target=40ms | tx: audio=796 dtx_skipped=0 keepalive=9
1789850617.302 23:43:37.302 << pong id=14 rtt=12ms offset=2278716190.0ms | estimate offset=2278716190.0ms (rtt 10ms)
1789850619.305 23:43:39.304 << pong id=15 rtt=14ms offset=2278716190.0ms | estimate offset=2278716190.0ms (rtt 10ms)
1789850620.071 23:43:40.071 >> {"t":"talk.open","by":"client"}
1789850620.097 23:43:40.096 << {"t":"talk.open","by":"client"}
1789850620.097 23:43:40.096 TALK OPEN - sending 440 Hz tone
1789850620.100 23:43:40.099 << {"t":"state","talk":true,"queue":[]}
1789850621.286 23:43:41.285 voice rx: rx=334 ka=19 played=333 fec=0 plc=0 late=0 dup=0 dtx=0 starved=33 underruns=0 trimmed=0 depth=20ms target=40ms | tx: audio=855 dtx_skipped=0 keepalive=11
1789850621.305 23:43:41.304 << pong id=16 rtt=12ms offset=2278716190.0ms | estimate offset=2278716190.0ms (rtt 10ms)
1789850623.286 23:43:43.285 voice rx: rx=334 ka=20 played=334 fec=0 plc=0 late=0 dup=0 dtx=0 starved=36 underruns=0 trimmed=0 depth=0ms target=40ms | tx: audio=955 dtx_skipped=0 keepalive=11
1789850623.302 23:43:43.302 << pong id=17 rtt=12ms offset=2278716189.0ms | estimate offset=2278716190.0ms (rtt 10ms)
1789850625.287 23:43:45.286 voice rx: rx=364 ka=22 played=363 fec=0 plc=0 late=0 dup=0 dtx=0 starved=36 underruns=0 trimmed=0 depth=20ms target=40ms | tx: audio=1055 dtx_skipped=0 keepalive=11
1789850625.304 23:43:45.303 << pong id=18 rtt=11ms offset=2278716189.5ms | estimate offset=2278716189.5ms (rtt 11ms)
1789850627.288 23:43:47.287 voice rx: rx=392 ka=23 played=392 fec=0 plc=0 late=0 dup=0 dtx=1 starved=44 underruns=0 trimmed=0 depth=0ms target=40ms | tx: audio=1155 dtx_skipped=0 keepalive=11
1789850627.307 23:43:47.307 << pong id=19 rtt=14ms offset=2278716190.0ms | estimate offset=2278716189.5ms (rtt 11ms)
1789850628.074 23:43:48.073 voice: rx=405 ka=23 played=405 fec=0 plc=0 late=0 dup=0 dtx=1 starved=44 underruns=0 trimmed=0 depth=0ms target=40ms
1789850628.074 23:43:48.073 clock: offset=2278716189.5ms rtt=11ms
1789850628.074 23:43:48.074 >> {"t":"talk.close","by":"client","reason":"trigger"}
1789850628.094 23:43:48.094 << {"t":"talk.close","by":"client","reason":"trigger"}
1789850628.094 23:43:48.094 TALK CLOSED
1789850628.096 23:43:48.095 << {"t":"state","talk":false,"queue":[]}
1789850629.289 23:43:49.288 voice rx: rx=405 ka=24 played=405 fec=0 plc=0 late=0 dup=0 dtx=1 starved=47 underruns=0 trimmed=0 depth=0ms target=40ms | tx: audio=1195 dtx_skipped=0 keepalive=12
1789850629.308 23:43:49.307 << pong id=20 rtt=12ms offset=2278716190.0ms | estimate offset=2278716189.5ms (rtt 11ms)
1789850631.312 23:43:51.311 << pong id=21 rtt=14ms offset=2278716190.0ms | estimate offset=2278716189.5ms (rtt 11ms)
1789850632.076 23:43:52.076 >> {"t":"talk.open","by":"client"}
1789850632.101 23:43:52.100 << {"t":"talk.open","by":"client"}
1789850632.101 23:43:52.100 TALK OPEN - sending 440 Hz tone
1789850632.105 23:43:52.104 << {"t":"state","talk":true,"queue":[]}
1789850633.290 23:43:53.289 voice rx: rx=434 ka=27 played=432 fec=0 plc=0 late=0 dup=0 dtx=1 starved=47 underruns=0 trimmed=0 depth=40ms target=40ms | tx: audio=1254 dtx_skipped=0 keepalive=15
1789850633.310 23:43:53.309 << pong id=22 rtt=14ms offset=2278716190.0ms | estimate offset=2278716189.5ms (rtt 11ms)
1789850635.291 23:43:55.291 voice rx: rx=441 ka=28 played=441 fec=0 plc=0 late=0 dup=0 dtx=1 starved=50 underruns=0 trimmed=0 depth=0ms target=40ms | tx: audio=1354 dtx_skipped=0 keepalive=15
1789850635.309 23:43:55.308 << pong id=23 rtt=13ms offset=2278716190.5ms | estimate offset=2278716189.5ms (rtt 11ms)
1789850637.293 23:43:57.292 voice rx: rx=441 ka=30 played=441 fec=0 plc=0 late=0 dup=0 dtx=1 starved=50 underruns=0 trimmed=0 depth=0ms target=40ms | tx: audio=1454 dtx_skipped=0 keepalive=15
1789850637.311 23:43:57.311 << pong id=24 rtt=13ms offset=2278716190.5ms | estimate offset=2278716189.5ms (rtt 11ms)
1789850639.295 23:43:59.294 voice rx: rx=441 ka=32 played=441 fec=0 plc=0 late=0 dup=0 dtx=1 starved=50 underruns=0 trimmed=0 depth=0ms target=40ms | tx: audio=1554 dtx_skipped=0 keepalive=15
1789850639.317 23:43:59.316 << pong id=25 rtt=18ms offset=2278716189.0ms | estimate offset=2278716189.5ms (rtt 11ms)
1789850640.078 23:44:00.077 voice: rx=441 ka=33 played=441 fec=0 plc=0 late=0 dup=0 dtx=1 starved=50 underruns=0 trimmed=0 depth=0ms target=40ms
1789850640.078 23:44:00.077 clock: offset=2278716189.5ms rtt=11ms
1789850640.078 23:44:00.078 >> {"t":"talk.close","by":"client","reason":"trigger"}
1789850640.100 23:44:00.099 << {"t":"talk.close","by":"client","reason":"trigger"}
1789850640.100 23:44:00.099 TALK CLOSED
1789850640.103 23:44:00.102 << {"t":"state","talk":false,"queue":[]}
1789850641.315 23:44:01.314 << pong id=26 rtt=14ms offset=2278716190.0ms | estimate offset=2278716190.0ms (rtt 12ms)
1789850643.307 23:44:03.306 << pong id=27 rtt=8ms offset=2278716191.0ms | estimate offset=2278716191.0ms (rtt 8ms)
1789850644.080 23:44:04.079 >> {"t":"talk.open","by":"client"}
1789850644.106 23:44:04.105 << {"t":"talk.open","by":"client"}
1789850644.106 23:44:04.105 TALK OPEN - sending 440 Hz tone
1789850644.109 23:44:04.108 << {"t":"state","talk":true,"queue":[]}
1789850645.297 23:44:05.296 voice rx: rx=458 ka=38 played=458 fec=0 plc=0 late=0 dup=0 dtx=1 starved=53 underruns=0 trimmed=0 depth=0ms target=40ms | tx: audio=1653 dtx_skipped=0 keepalive=19
1789850645.316 23:44:05.316 << pong id=28 rtt=14ms offset=2278716189.0ms | estimate offset=2278716191.0ms (rtt 8ms)
1789850647.298 23:44:07.297 voice rx: rx=458 ka=40 played=458 fec=0 plc=0 late=0 dup=0 dtx=1 starved=53 underruns=0 trimmed=0 depth=0ms target=40ms | tx: audio=1753 dtx_skipped=0 keepalive=19
1789850647.311 23:44:07.311 << pong id=29 rtt=9ms offset=2278716191.5ms | estimate offset=2278716191.0ms (rtt 8ms)
1789850649.298 23:44:09.298 voice rx: rx=481 ka=41 played=481 fec=0 plc=0 late=0 dup=0 dtx=1 starved=59 underruns=0 trimmed=0 depth=0ms target=40ms | tx: audio=1853 dtx_skipped=0 keepalive=19
1789850649.315 23:44:09.314 << pong id=30 rtt=12ms offset=2278716192.0ms | estimate offset=2278716191.0ms (rtt 8ms)
1789850651.299 23:44:11.298 voice rx: rx=519 ka=41 played=519 fec=0 plc=0 late=0 dup=0 dtx=1 starved=68 underruns=0 trimmed=0 depth=0ms target=40ms | tx: audio=1953 dtx_skipped=0 keepalive=19
1789850651.317 23:44:11.316 << pong id=31 rtt=13ms offset=2278716190.5ms | estimate offset=2278716191.0ms (rtt 8ms)
1789850652.082 23:44:12.081 voice: rx=529 ka=41 played=529 fec=0 plc=0 late=0 dup=0 dtx=1 starved=70 underruns=0 trimmed=0 depth=0ms target=40ms
1789850652.082 23:44:12.082 clock: offset=2278716191.0ms rtt=8ms
1789850652.082 23:44:12.082 >> {"t":"talk.close","by":"client","reason":"trigger"}
1789850652.104 23:44:12.103 << {"t":"talk.close","by":"client","reason":"trigger"}
1789850652.104 23:44:12.104 TALK CLOSED
1789850652.107 23:44:12.107 << {"t":"state","talk":false,"queue":[]}
1789850653.300 23:44:13.299 voice rx: rx=529 ka=42 played=529 fec=0 plc=0 late=0 dup=0 dtx=1 starved=71 underruns=0 trimmed=0 depth=0ms target=40ms | tx: audio=1993 dtx_skipped=0 keepalive=20
1789850653.319 23:44:13.318 << pong id=32 rtt=12ms offset=2278716191.0ms | estimate offset=2278716191.0ms (rtt 8ms)
1789850655.321 23:44:15.320 << pong id=33 rtt=15ms offset=2278716190.5ms | estimate offset=2278716191.0ms (rtt 8ms)
1789850656.085 23:44:16.084 >> {"t":"talk.open","by":"client"}
1789850656.107 23:44:16.107 << {"t":"talk.open","by":"client"}
1789850656.107 23:44:16.107 TALK OPEN - sending 440 Hz tone
1789850656.115 23:44:16.114 << {"t":"state","talk":true,"queue":[]}
1789850657.301 23:44:17.301 voice rx: rx=546 ka=45 played=546 fec=0 plc=0 late=0 dup=0 dtx=1 starved=74 underruns=0 trimmed=0 depth=0ms target=40ms | tx: audio=2052 dtx_skipped=0 keepalive=23
1789850657.320 23:44:17.319 << pong id=34 rtt=14ms offset=2278716191.0ms | estimate offset=2278716191.0ms (rtt 8ms)
1789850659.302 23:44:19.301 voice rx: rx=592 ka=46 played=591 fec=0 plc=0 late=0 dup=0 dtx=1 starved=74 underruns=0 trimmed=0 depth=20ms target=40ms | tx: audio=2152 dtx_skipped=0 keepalive=23
1789850659.318 23:44:19.318 << pong id=35 rtt=12ms offset=2278716190.0ms | estimate offset=2278716191.5ms (rtt 9ms)
1789850661.303 23:44:21.302 voice rx: rx=646 ka=46 played=645 fec=0 plc=0 late=0 dup=0 dtx=1 starved=80 underruns=0 trimmed=0 depth=20ms target=40ms | tx: audio=2252 dtx_skipped=0 keepalive=23
1789850661.322 23:44:21.322 << pong id=36 rtt=13ms offset=2278716190.5ms | estimate offset=2278716191.5ms (rtt 9ms)
1789850663.303 23:44:23.303 voice rx: rx=721 ka=46 played=720 fec=0 plc=0 late=0 dup=0 dtx=1 starved=86 underruns=0 trimmed=0 depth=20ms target=40ms | tx: audio=2352 dtx_skipped=0 keepalive=23
1789850663.326 23:44:23.325 << pong id=37 rtt=18ms offset=2278716189.0ms | estimate offset=2278716190.0ms (rtt 12ms)
1789850664.087 23:44:24.087 voice: rx=724 ka=46 played=724 fec=0 plc=0 late=0 dup=0 dtx=1 starved=89 underruns=0 trimmed=0 depth=0ms target=40ms
1789850664.087 23:44:24.087 clock: offset=2278716190.0ms rtt=12ms
1789850664.087 23:44:24.087 >> {"t":"talk.close","by":"client","reason":"trigger"}
1789850664.110 23:44:24.109 << {"t":"talk.close","by":"client","reason":"trigger"}
1789850664.110 23:44:24.109 TALK CLOSED
1789850664.118 23:44:24.117 << {"t":"state","talk":false,"queue":[]}
1789850665.305 23:44:25.304 voice rx: rx=724 ka=47 played=724 fec=0 plc=0 late=0 dup=0 dtx=1 starved=89 underruns=0 trimmed=0 depth=0ms target=40ms | tx: audio=2393 dtx_skipped=0 keepalive=24
1789850665.324 23:44:25.324 << pong id=38 rtt=13ms offset=2278716190.5ms | estimate offset=2278716190.0ms (rtt 12ms)
1789850667.326 23:44:27.325 << pong id=39 rtt=14ms offset=2278716191.0ms | estimate offset=2278716190.0ms (rtt 12ms)
1789850668.090 23:44:28.089 >> {"t":"talk.open","by":"client"}
1789850668.116 23:44:28.115 << {"t":"talk.open","by":"client"}
1789850668.116 23:44:28.116 TALK OPEN - sending 440 Hz tone
1789850668.120 23:44:28.119 << {"t":"state","talk":true,"queue":[]}
1789850668.393 23:44:28.392 >> {"t":"talk.close","by":"client","reason":"trigger"}
1789850668.413 23:44:28.413 << {"t":"talk.close","by":"client","reason":"trigger"}
1789850668.413 23:44:28.413 TALK CLOSED
1789850668.413 23:44:28.413 << {"t":"state","talk":false,"queue":[]}
1789850668.695 23:44:28.694 >> {"t":"talk.open","by":"client"}
1789850668.706 23:44:28.705 << {"t":"talk.open","by":"client"}
1789850668.706 23:44:28.706 TALK OPEN - sending 440 Hz tone
1789850668.707 23:44:28.707 << {"t":"state","talk":true,"queue":[]}
1789850669.306 23:44:29.306 voice rx: rx=738 ka=51 played=736 fec=0 plc=0 late=0 dup=0 dtx=1 starved=89 underruns=0 trimmed=0 depth=40ms target=40ms | tx: audio=2436 dtx_skipped=0 keepalive=26
1789850669.329 23:44:29.328 << pong id=40 rtt=18ms offset=2278716188.0ms | estimate offset=2278716190.0ms (rtt 12ms)
1789850671.308 23:44:31.307 voice rx: rx=838 ka=51 played=836 fec=0 plc=0 late=0 dup=0 dtx=1 starved=89 underruns=0 trimmed=0 depth=40ms target=40ms | tx: audio=2537 dtx_skipped=0 keepalive=26
1789850671.324 23:44:31.324 << pong id=41 rtt=10ms offset=2278716191.0ms | estimate offset=2278716191.0ms (rtt 10ms)
1789850672.697 23:44:32.696 >> {"t":"talk.close","by":"client","reason":"trigger"}
1789850672.716 23:44:32.715 << {"t":"talk.close","by":"client","reason":"trigger"}
1789850672.716 23:44:32.715 TALK CLOSED
1789850672.719 23:44:32.719 << {"t":"state","talk":false,"queue":[]}
1789850673.309 23:44:33.308 voice rx: rx=909 ka=51 played=909 fec=0 plc=0 late=0 dup=0 dtx=1 starved=92 underruns=0 trimmed=0 depth=0ms target=40ms | tx: audio=2607 dtx_skipped=0 keepalive=26
1789850673.322 23:44:33.321 << pong id=42 rtt=8ms offset=2278716190.0ms | estimate offset=2278716190.0ms (rtt 8ms)
1789850675.328 23:44:35.327 << pong id=43 rtt=12ms offset=2278716191.0ms | estimate offset=2278716190.0ms (rtt 8ms)
1789850676.699 23:44:36.698 >> {"t":"talk.open","by":"client"}
1789850676.731 23:44:36.730 << {"t":"talk.open","by":"client"}
1789850676.731 23:44:36.730 TALK OPEN - sending 440 Hz tone
1789850676.731 23:44:36.730 << {"t":"state","talk":true,"queue":[]}
1789850677.311 23:44:37.310 voice rx: rx=909 ka=55 played=909 fec=0 plc=0 late=0 dup=0 dtx=1 starved=92 underruns=0 trimmed=0 depth=0ms target=40ms | tx: audio=2635 dtx_skipped=0 keepalive=29
1789850677.321 23:44:37.321 << pong id=44 rtt=8ms offset=2278716191.0ms | estimate offset=2278716191.0ms (rtt 8ms)
1789850679.312 23:44:39.312 voice rx: rx=965 ka=55 played=964 fec=0 plc=0 late=0 dup=0 dtx=1 starved=95 underruns=0 trimmed=0 depth=20ms target=40ms | tx: audio=2736 dtx_skipped=0 keepalive=29
1789850679.328 23:44:39.328 << pong id=45 rtt=11ms offset=2278716191.5ms | estimate offset=2278716191.0ms (rtt 8ms)
1789850681.313 23:44:41.312 voice rx: rx=993 ka=56 played=993 fec=0 plc=0 late=0 dup=0 dtx=1 starved=101 underruns=0 trimmed=0 depth=0ms target=40ms | tx: audio=2836 dtx_skipped=0 keepalive=29
1789850681.331 23:44:41.330 << pong id=46 rtt=12ms offset=2278716191.0ms | estimate offset=2278716191.0ms (rtt 8ms)
1789850683.314 23:44:43.313 voice rx: rx=1049 ka=56 played=1048 fec=0 plc=0 late=0 dup=0 dtx=1 starved=104 underruns=0 trimmed=0 depth=20ms target=40ms | tx: audio=2936 dtx_skipped=0 keepalive=29
1789850683.332 23:44:43.332 << pong id=47 rtt=12ms offset=2278716191.0ms | estimate offset=2278716191.0ms (rtt 8ms)
1789850685.315 23:44:45.314 voice rx: rx=1066 ka=57 played=1066 fec=0 plc=0 late=0 dup=0 dtx=1 starved=107 underruns=0 trimmed=0 depth=0ms target=40ms | tx: audio=3036 dtx_skipped=0 keepalive=29
1789850685.331 23:44:45.330 << pong id=48 rtt=11ms offset=2278716191.5ms | estimate offset=2278716191.0ms (rtt 8ms)
1789850687.316 23:44:47.315 voice rx: rx=1108 ka=58 played=1107 fec=0 plc=0 late=0 dup=0 dtx=2 starved=107 underruns=0 trimmed=0 depth=20ms target=40ms | tx: audio=3136 dtx_skipped=0 keepalive=29
1789850687.331 23:44:47.330 << pong id=49 rtt=11ms offset=2278716191.5ms | estimate offset=2278716191.0ms (rtt 8ms)
1789850689.317 23:44:49.316 voice rx: rx=1165 ka=58 played=1165 fec=0 plc=0 late=0 dup=0 dtx=2 starved=110 underruns=0 trimmed=0 depth=0ms target=40ms | tx: audio=3236 dtx_skipped=0 keepalive=29
1789850689.332 23:44:49.332 << pong id=50 rtt=11ms offset=2278716189.5ms | estimate offset=2278716191.0ms (rtt 8ms)
1789850691.318 23:44:51.317 voice rx: rx=1205 ka=59 played=1204 fec=0 plc=0 late=0 dup=0 dtx=2 starved=116 underruns=0 trimmed=0 depth=20ms target=40ms | tx: audio=3336 dtx_skipped=0 keepalive=29
1789850691.335 23:44:51.334 << pong id=51 rtt=13ms offset=2278716192.5ms | estimate offset=2278716191.0ms (rtt 8ms)
1789850693.319 23:44:53.318 voice rx: rx=1292 ka=59 played=1292 fec=0 plc=0 late=0 dup=0 dtx=2 starved=122 underruns=0 trimmed=0 depth=0ms target=40ms | tx: audio=3436 dtx_skipped=0 keepalive=29
1789850693.335 23:44:53.334 << pong id=52 rtt=12ms offset=2278716193.0ms | estimate offset=2278716189.5ms (rtt 11ms)
1789850695.320 23:44:55.319 voice rx: rx=1327 ka=59 played=1327 fec=0 plc=0 late=0 dup=0 dtx=2 starved=131 underruns=0 trimmed=0 depth=0ms target=40ms | tx: audio=3536 dtx_skipped=0 keepalive=29
1789850695.337 23:44:55.337 << pong id=53 rtt=13ms offset=2278716192.5ms | estimate offset=2278716189.5ms (rtt 11ms)
1789850696.701 23:44:56.701 voice: rx=1391 ka=59 played=1389 fec=0 plc=0 late=0 dup=0 dtx=2 starved=131 underruns=0 trimmed=0 depth=40ms target=40ms
1789850696.702 23:44:56.701 clock: offset=2278716189.5ms rtt=11ms
1789850696.702 23:44:56.701 >> {"t":"talk.close","by":"client","reason":"trigger"}
1789850696.720 23:44:56.719 << {"t":"talk.close","by":"client","reason":"trigger"}
1789850696.720 23:44:56.719 TALK CLOSED
1789850696.723 23:44:56.722 << {"t":"state","talk":false,"queue":[]}
1789850697.320 23:44:57.320 voice rx: rx=1392 ka=59 played=1392 fec=0 plc=0 late=0 dup=0 dtx=2 starved=134 underruns=0 trimmed=0 depth=0ms target=40ms | tx: audio=3606 dtx_skipped=0 keepalive=29
1789850697.332 23:44:57.331 << pong id=54 rtt=8ms offset=2278716192.0ms | estimate offset=2278716192.0ms (rtt 8ms)
1789850699.338 23:44:59.337 << pong id=55 rtt=11ms offset=2278716191.5ms | estimate offset=2278716192.0ms (rtt 8ms)
1789850700.704 23:45:00.704 >> {"t":"bye","reason":"user"}
1789850700.705 23:45:00.704 voice (final): rx=1392 ka=62 played=1392 fec=0 plc=0 late=0 dup=0 dtx=2 starved=134 underruns=0 trimmed=0 depth=0ms target=40ms
1789850700.705 23:45:00.704 bye
