1789913043.179 17:04:03.179 connecting to 192.168.13.3:47800
1789913043.180 17:04:03.180 commands: talk | say <text> | pause | resume | next | previous | vol+ | vol- (local) |
1789913043.180           unavailable (toggle "my mic is dead") | stats | raw <json> (send unvalidated) | quit
1789913043.290 17:04:03.290 connected to 192.168.13.3:47800
1789913043.290 17:04:03.290 << {"t":"hello","proto":1,"role":"host","name":"Pixel 8","voicePort":47801,"httpPort":47802}
1789913043.296 17:04:03.295 << {"t":"state","talk":false,"queue":[]}
1789913043.305 17:04:03.304 << pong id=1 rtt=7ms offset=25847997.5ms | estimate offset=25847997.5ms (rtt 7ms)
1789913045.317 17:04:05.316 << pong id=2 rtt=15ms offset=25847994.5ms | estimate offset=25847997.5ms (rtt 7ms)
1789913047.316 17:04:07.315 << pong id=3 rtt=12ms offset=25847997.0ms | estimate offset=25847997.5ms (rtt 7ms)
1789913047.882 17:04:07.881 voice: rx=0 ka=5 played=0 fec=0 plc=0 late=0 dup=0 dtx=0 starved=0 underruns=0 trimmed=0 depth=0ms target=40ms
1789913047.882 17:04:07.882 clock: offset=25847997.5ms rtt=7ms
1789913047.882 17:04:07.882 >> {"t":"talk.open","by":"client"}
1789913048.097 17:04:08.096 << {"t":"talk.open","by":"client"}
1789913048.097 17:04:08.097 TALK OPEN - sending 440 Hz tone
1789913048.097 17:04:08.097 << {"t":"state","talk":true,"queue":[]}
1789913049.299 17:04:09.298 voice rx: rx=24 ka=6 played=24 fec=0 plc=0 late=1 dup=0 dtx=0 starved=6 underruns=1 trimmed=0 depth=0ms target=60ms | tx: audio=60 dtx_skipped=0 keepalive=5
1789913049.321 17:04:09.320 << pong id=4 rtt=17ms offset=25847994.5ms | estimate offset=25847997.5ms (rtt 7ms)
1789913051.300 17:04:11.299 voice rx: rx=24 ka=8 played=24 fec=0 plc=0 late=1 dup=0 dtx=0 starved=6 underruns=1 trimmed=0 depth=0ms target=60ms | tx: audio=160 dtx_skipped=0 keepalive=5
1789913051.319 17:04:11.318 << pong id=5 rtt=15ms offset=25847997.5ms | estimate offset=25847997.5ms (rtt 7ms)
1789913053.301 17:04:13.300 voice rx: rx=37 ka=9 played=35 fec=0 plc=0 late=1 dup=0 dtx=0 starved=9 underruns=1 trimmed=0 depth=40ms target=60ms | tx: audio=260 dtx_skipped=0 keepalive=5
1789913053.317 17:04:13.317 << pong id=6 rtt=11ms offset=25847997.5ms | estimate offset=25847997.5ms (rtt 7ms)
1789913055.302 17:04:15.301 voice rx: rx=67 ka=9 played=67 fec=0 plc=0 late=1 dup=0 dtx=0 starved=18 underruns=1 trimmed=0 depth=0ms target=60ms | tx: audio=360 dtx_skipped=0 keepalive=5
1789913055.322 17:04:15.322 << pong id=7 rtt=14ms offset=25847994.0ms | estimate offset=25847997.5ms (rtt 7ms)
1789913055.886 17:04:15.885 voice: rx=67 ka=10 played=67 fec=0 plc=0 late=1 dup=0 dtx=0 starved=18 underruns=1 trimmed=0 depth=0ms target=60ms
1789913055.886 17:04:15.885 clock: offset=25847997.5ms rtt=7ms
1789913055.886 17:04:15.885 >> {"t":"talk.close","by":"client","reason":"trigger"}
1789913055.902 17:04:15.901 << {"t":"talk.close","by":"client","reason":"trigger"}
1789913055.902 17:04:15.901 TALK CLOSED
1789913055.905 17:04:15.904 << {"t":"state","talk":false,"queue":[]}
1789913057.329 17:04:17.328 << pong id=8 rtt=20ms offset=25848000.0ms | estimate offset=25847997.5ms (rtt 7ms)
1789913059.322 17:04:19.322 << pong id=9 rtt=14ms offset=25847997.0ms | estimate offset=25847997.5ms (rtt 11ms)
1789913059.889 17:04:19.888 >> {"t":"talk.open","by":"client"}
1789913059.912 17:04:19.911 << {"t":"talk.open","by":"client"}
1789913059.912 17:04:19.911 TALK OPEN - sending 440 Hz tone
1789913059.912 17:04:19.911 << {"t":"state","talk":true,"queue":[]}
1789913061.304 17:04:21.304 voice rx: rx=88 ka=14 played=88 fec=0 plc=0 late=1 dup=0 dtx=0 starved=21 underruns=1 trimmed=0 depth=0ms target=40ms | tx: audio=459 dtx_skipped=0 keepalive=9
1789913061.320 17:04:21.320 << pong id=10 rtt=11ms offset=25847996.5ms | estimate offset=25847996.5ms (rtt 11ms)
1789913063.306 17:04:23.305 voice rx: rx=88 ka=16 played=88 fec=0 plc=0 late=1 dup=0 dtx=0 starved=21 underruns=1 trimmed=0 depth=0ms target=40ms | tx: audio=559 dtx_skipped=0 keepalive=9
1789913063.323 17:04:23.323 << pong id=11 rtt=13ms offset=25847996.5ms | estimate offset=25847996.5ms (rtt 11ms)
1789913065.307 17:04:25.306 voice rx: rx=99 ka=17 played=99 fec=0 plc=0 late=1 dup=0 dtx=0 starved=24 underruns=1 trimmed=0 depth=0ms target=40ms | tx: audio=659 dtx_skipped=0 keepalive=9
1789913065.325 17:04:25.324 << pong id=12 rtt=13ms offset=25847996.5ms | estimate offset=25847996.5ms (rtt 11ms)
1789913067.308 17:04:27.308 voice rx: rx=114 ka=18 played=114 fec=0 plc=0 late=1 dup=0 dtx=0 starved=27 underruns=1 trimmed=0 depth=0ms target=40ms | tx: audio=759 dtx_skipped=0 keepalive=9
1789913067.329 17:04:27.329 << pong id=13 rtt=16ms offset=25847996.0ms | estimate offset=25847996.5ms (rtt 11ms)
1789913067.891 17:04:27.891 voice: rx=114 ka=19 played=114 fec=0 plc=0 late=1 dup=0 dtx=0 starved=27 underruns=1 trimmed=0 depth=0ms target=40ms
1789913067.891 17:04:27.891 clock: offset=25847996.5ms rtt=11ms
1789913067.892 17:04:27.891 >> {"t":"talk.close","by":"client","reason":"trigger"}
1789913067.917 17:04:27.917 << {"t":"talk.close","by":"client","reason":"trigger"}
1789913067.917 17:04:27.917 TALK CLOSED
1789913067.918 17:04:27.918 << {"t":"state","talk":false,"queue":[]}
1789913069.331 17:04:29.330 << pong id=14 rtt=16ms offset=25847996.0ms | estimate offset=25847996.5ms (rtt 11ms)
1789913071.395 17:04:31.395 << pong id=15 rtt=79ms offset=25848029.5ms | estimate offset=25847996.5ms (rtt 11ms)
1789913071.894 17:04:31.894 >> {"t":"talk.open","by":"client"}
1789913071.909 17:04:31.908 << {"t":"talk.open","by":"client"}
1789913071.909 17:04:31.908 TALK OPEN - sending 440 Hz tone
1789913071.909 17:04:31.908 << {"t":"state","talk":true,"queue":[]}
1789913073.312 17:04:33.312 voice rx: rx=127 ka=24 played=127 fec=0 plc=0 late=1 dup=0 dtx=0 starved=30 underruns=1 trimmed=0 depth=0ms target=40ms | tx: audio=860 dtx_skipped=0 keepalive=12
1789913073.333 17:04:33.332 << pong id=16 rtt=15ms offset=25847995.5ms | estimate offset=25847996.5ms (rtt 11ms)
1789913075.314 17:04:35.313 voice rx: rx=149 ka=25 played=149 fec=0 plc=0 late=1 dup=0 dtx=0 starved=34 underruns=1 trimmed=0 depth=0ms target=40ms | tx: audio=960 dtx_skipped=0 keepalive=12
1789913075.329 17:04:35.328 << pong id=17 rtt=11ms offset=25847996.5ms | estimate offset=25847996.5ms (rtt 11ms)
1789913077.315 17:04:37.314 voice rx: rx=164 ka=25 played=164 fec=0 plc=0 late=1 dup=0 dtx=0 starved=39 underruns=1 trimmed=0 depth=0ms target=40ms | tx: audio=1060 dtx_skipped=0 keepalive=12
1789913077.343 17:04:37.343 << pong id=18 rtt=18ms offset=25847996.0ms | estimate offset=25847996.5ms (rtt 11ms)
1789913079.316 17:04:39.315 voice rx: rx=175 ka=27 played=175 fec=0 plc=0 late=1 dup=0 dtx=0 starved=42 underruns=1 trimmed=0 depth=0ms target=40ms | tx: audio=1160 dtx_skipped=0 keepalive=12
1789913079.343 17:04:39.342 << pong id=19 rtt=23ms offset=25848000.5ms | estimate offset=25847996.5ms (rtt 11ms)
1789913079.898 17:04:39.897 voice: rx=175 ka=27 played=175 fec=0 plc=0 late=1 dup=0 dtx=0 starved=42 underruns=1 trimmed=0 depth=0ms target=40ms
1789913079.898 17:04:39.897 clock: offset=25847996.5ms rtt=11ms
1789913079.898 17:04:39.897 >> {"t":"talk.close","by":"client","reason":"trigger"}
1789913079.920 17:04:39.920 << {"t":"talk.close","by":"client","reason":"trigger"}
1789913079.920 17:04:39.920 TALK CLOSED
1789913079.920 17:04:39.920 << {"t":"state","talk":false,"queue":[]}
1789913081.338 17:04:41.338 << pong id=20 rtt=15ms offset=25847997.5ms | estimate offset=25847996.5ms (rtt 11ms)
1789913083.342 17:04:43.341 << pong id=21 rtt=17ms offset=25847995.5ms | estimate offset=25847996.5ms (rtt 11ms)
1789913083.901 17:04:43.900 >> {"t":"talk.open","by":"client"}
1789913083.913 17:04:43.913 << {"t":"talk.open","by":"client"}
1789913083.913 17:04:43.913 TALK OPEN - sending 440 Hz tone
1789913083.914 17:04:43.913 << {"t":"state","talk":true,"queue":[]}
1789913085.320 17:04:45.320 voice rx: rx=189 ka=32 played=189 fec=0 plc=0 late=2 dup=0 dtx=0 starved=46 underruns=2 trimmed=0 depth=0ms target=60ms | tx: audio=1260 dtx_skipped=0 keepalive=15
1789913085.338 17:04:45.337 << pong id=22 rtt=13ms offset=25847996.5ms | estimate offset=25847996.5ms (rtt 11ms)
1789913087.321 17:04:47.321 voice rx: rx=212 ka=33 played=212 fec=0 plc=0 late=2 dup=0 dtx=2 starved=49 underruns=2 trimmed=0 depth=0ms target=60ms | tx: audio=1360 dtx_skipped=0 keepalive=15
1789913087.341 17:04:47.340 << pong id=23 rtt=16ms offset=25847995.0ms | estimate offset=25847996.5ms (rtt 11ms)
1789913089.322 17:04:49.322 voice rx: rx=212 ka=35 played=212 fec=0 plc=0 late=2 dup=0 dtx=2 starved=49 underruns=2 trimmed=0 depth=0ms target=60ms | tx: audio=1460 dtx_skipped=0 keepalive=15
1789913089.340 17:04:49.340 << pong id=24 rtt=12ms offset=25847998.0ms | estimate offset=25847996.5ms (rtt 11ms)
1789913091.324 17:04:51.323 voice rx: rx=223 ka=36 played=223 fec=0 plc=0 late=2 dup=0 dtx=2 starved=52 underruns=2 trimmed=0 depth=0ms target=60ms | tx: audio=1560 dtx_skipped=0 keepalive=15
1789913091.380 17:04:51.380 << pong id=25 rtt=52ms offset=25847978.0ms | estimate offset=25847998.0ms (rtt 12ms)
1789913091.904 17:04:51.903 voice: rx=233 ka=36 played=233 fec=0 plc=0 late=2 dup=0 dtx=2 starved=55 underruns=2 trimmed=0 depth=0ms target=60ms
1789913091.904 17:04:51.903 clock: offset=25847998.0ms rtt=12ms
1789913091.904 17:04:51.903 >> {"t":"talk.close","by":"client","reason":"trigger"}
1789913091.923 17:04:51.923 << {"t":"talk.close","by":"client","reason":"trigger"}
1789913091.923 17:04:51.923 TALK CLOSED
1789913091.927 17:04:51.927 << {"t":"state","talk":false,"queue":[]}
1789913093.325 17:04:53.324 voice rx: rx=233 ka=37 played=233 fec=0 plc=0 late=2 dup=0 dtx=2 starved=55 underruns=2 trimmed=0 depth=0ms target=60ms | tx: audio=1590 dtx_skipped=0 keepalive=16
1789913093.355 17:04:53.355 << pong id=26 rtt=25ms offset=25848005.5ms | estimate offset=25847998.0ms (rtt 12ms)
1789913095.349 17:04:55.348 << pong id=27 rtt=15ms offset=25847996.5ms | estimate offset=25847998.0ms (rtt 12ms)
1789913095.907 17:04:55.907 >> {"t":"talk.open","by":"client"}
1789913095.930 17:04:55.929 << {"t":"talk.open","by":"client"}
1789913095.930 17:04:55.929 TALK OPEN - sending 440 Hz tone
1789913095.932 17:04:55.932 << {"t":"state","talk":true,"queue":[]}
1789913097.328 17:04:57.327 voice rx: rx=253 ka=40 played=253 fec=0 plc=0 late=3 dup=0 dtx=2 starved=59 underruns=3 trimmed=0 depth=0ms target=60ms | tx: audio=1659 dtx_skipped=0 keepalive=18
1789913097.347 17:04:57.347 << pong id=28 rtt=15ms offset=25847997.5ms | estimate offset=25847998.0ms (rtt 12ms)
1789913099.329 17:04:59.329 voice rx: rx=253 ka=42 played=253 fec=0 plc=0 late=3 dup=0 dtx=2 starved=59 underruns=3 trimmed=0 depth=0ms target=60ms | tx: audio=1759 dtx_skipped=0 keepalive=18
1789913099.341 17:04:59.340 << pong id=29 rtt=10ms offset=25847999.0ms | estimate offset=25847999.0ms (rtt 10ms)
1789913101.331 17:05:01.330 voice rx: rx=265 ka=43 played=265 fec=0 plc=0 late=4 dup=0 dtx=2 starved=63 underruns=4 trimmed=0 depth=0ms target=80ms | tx: audio=1859 dtx_skipped=0 keepalive=18
1789913101.376 17:05:01.375 << pong id=30 rtt=40ms offset=25847994.0ms | estimate offset=25847999.0ms (rtt 10ms)
1789913103.333 17:05:03.332 voice rx: rx=278 ka=45 played=275 fec=0 plc=0 late=4 dup=0 dtx=2 starved=63 underruns=4 trimmed=0 depth=60ms target=80ms | tx: audio=1960 dtx_skipped=0 keepalive=18
1789913103.388 17:05:03.387 << pong id=31 rtt=50ms offset=25847980.0ms | estimate offset=25847999.0ms (rtt 10ms)
1789913103.910 17:05:03.910 voice: rx=303 ka=45 played=303 fec=0 plc=0 late=4 dup=0 dtx=2 starved=64 underruns=4 trimmed=0 depth=0ms target=80ms
1789913103.910 17:05:03.910 clock: offset=25847999.0ms rtt=10ms
1789913103.911 17:05:03.910 >> {"t":"talk.close","by":"client","reason":"trigger"}
1789913103.931 17:05:03.931 << {"t":"talk.close","by":"client","reason":"trigger"}
1789913103.932 17:05:03.931 TALK CLOSED
1789913103.936 17:05:03.935 << {"t":"state","talk":false,"queue":[]}
1789913105.334 17:05:05.334 voice rx: rx=303 ka=46 played=303 fec=0 plc=0 late=4 dup=0 dtx=2 starved=66 underruns=4 trimmed=0 depth=0ms target=80ms | tx: audio=1990 dtx_skipped=0 keepalive=19
1789913105.351 17:05:05.350 << pong id=32 rtt=12ms offset=25847998.0ms | estimate offset=25847999.0ms (rtt 10ms)
1789913107.352 17:05:07.352 << pong id=33 rtt=14ms offset=25847998.0ms | estimate offset=25847999.0ms (rtt 10ms)
1789913107.914 17:05:07.913 >> {"t":"talk.open","by":"client"}
1789913108.008 17:05:08.008 << {"t":"talk.open","by":"client"}
1789913108.008 17:05:08.008 TALK OPEN - sending 440 Hz tone
1789913108.009 17:05:08.008 << {"t":"state","talk":true,"queue":[]}
1789913109.336 17:05:09.335 voice rx: rx=332 ka=49 played=332 fec=0 plc=0 late=4 dup=0 dtx=2 starved=69 underruns=4 trimmed=0 depth=0ms target=80ms | tx: audio=2056 dtx_skipped=0 keepalive=21
1789913109.351 17:05:09.351 << pong id=34 rtt=11ms offset=25847997.5ms | estimate offset=25847999.0ms (rtt 10ms)
1789913111.336 17:05:11.336 voice rx: rx=332 ka=50 played=332 fec=0 plc=0 late=4 dup=0 dtx=2 starved=69 underruns=4 trimmed=0 depth=0ms target=60ms | tx: audio=2156 dtx_skipped=0 keepalive=21
1789913111.355 17:05:11.354 << pong id=35 rtt=13ms offset=25847997.5ms | estimate offset=25847999.0ms (rtt 10ms)
1789913113.337 17:05:13.336 voice rx: rx=357 ka=51 played=357 fec=0 plc=0 late=4 dup=0 dtx=2 starved=75 underruns=4 trimmed=0 depth=0ms target=60ms | tx: audio=2256 dtx_skipped=0 keepalive=21
1789913113.352 17:05:13.351 << pong id=36 rtt=11ms offset=25847997.5ms | estimate offset=25847999.0ms (rtt 10ms)
1789913115.337 17:05:15.337 voice rx: rx=396 ka=52 played=394 fec=0 plc=0 late=4 dup=0 dtx=2 starved=75 underruns=4 trimmed=0 depth=40ms target=60ms | tx: audio=2356 dtx_skipped=0 keepalive=21
1789913115.356 17:05:15.355 << pong id=37 rtt=13ms offset=25847997.5ms | estimate offset=25847997.5ms (rtt 11ms)
1789913115.917 17:05:15.916 voice: rx=400 ka=52 played=400 fec=0 plc=0 late=4 dup=0 dtx=2 starved=78 underruns=4 trimmed=0 depth=0ms target=60ms
1789913115.917 17:05:15.916 clock: offset=25847997.5ms rtt=11ms
1789913115.917 17:05:15.916 >> {"t":"talk.close","by":"client","reason":"trigger"}
1789913115.935 17:05:15.935 << {"t":"talk.close","by":"client","reason":"trigger"}
1789913115.935 17:05:15.935 TALK CLOSED
1789913115.937 17:05:15.937 << {"t":"state","talk":false,"queue":[]}
1789913117.338 17:05:17.337 voice rx: rx=400 ka=53 played=400 fec=0 plc=0 late=4 dup=0 dtx=2 starved=78 underruns=4 trimmed=0 depth=0ms target=60ms | tx: audio=2386 dtx_skipped=0 keepalive=22
1789913117.357 17:05:17.356 << pong id=38 rtt=14ms offset=25847997.0ms | estimate offset=25847997.5ms (rtt 11ms)
1789913119.361 17:05:19.361 << pong id=39 rtt=18ms offset=25847997.0ms | estimate offset=25847997.5ms (rtt 11ms)
1789913119.920 17:05:19.920 >> {"t":"talk.open","by":"client"}
1789913119.941 17:05:19.940 << {"t":"talk.open","by":"client"}
1789913119.941 17:05:19.940 TALK OPEN - sending 440 Hz tone
1789913119.941 17:05:19.940 << {"t":"state","talk":true,"queue":[]}
1789913120.223 17:05:20.223 >> {"t":"talk.close","by":"client","reason":"trigger"}
1789913120.233 17:05:20.233 << {"t":"talk.close","by":"client","reason":"trigger"}
1789913120.233 17:05:20.233 TALK CLOSED
1789913120.236 17:05:20.236 << {"t":"state","talk":false,"queue":[]}
1789913120.526 17:05:20.525 >> {"t":"talk.open","by":"client"}
1789913120.546 17:05:20.545 << {"t":"talk.open","by":"client"}
1789913120.546 17:05:20.545 TALK OPEN - sending 440 Hz tone
1789913120.546 17:05:20.545 << {"t":"state","talk":true,"queue":[]}
1789913121.340 17:05:21.339 voice rx: rx=408 ka=57 played=407 fec=0 plc=0 late=4 dup=0 dtx=2 starved=78 underruns=4 trimmed=0 depth=20ms target=40ms | tx: audio=2439 dtx_skipped=0 keepalive=24
1789913121.355 17:05:21.355 << pong id=40 rtt=9ms offset=25847998.5ms | estimate offset=25847998.5ms (rtt 9ms)
1789913123.341 17:05:23.341 voice rx: rx=508 ka=57 played=507 fec=0 plc=0 late=4 dup=0 dtx=2 starved=78 underruns=4 trimmed=0 depth=20ms target=40ms | tx: audio=2539 dtx_skipped=0 keepalive=24
1789913123.361 17:05:23.360 << pong id=41 rtt=14ms offset=25847998.0ms | estimate offset=25847998.5ms (rtt 9ms)
1789913124.529 17:05:24.528 >> {"t":"talk.close","by":"client","reason":"trigger"}
1789913124.543 17:05:24.542 << {"t":"talk.close","by":"client","reason":"trigger"}
1789913124.543 17:05:24.542 TALK CLOSED
1789913124.546 17:05:24.545 << {"t":"state","talk":false,"queue":[]}
1789913125.342 17:05:25.341 voice rx: rx=570 ka=57 played=570 fec=0 plc=0 late=4 dup=0 dtx=2 starved=81 underruns=4 trimmed=0 depth=0ms target=40ms | tx: audio=2599 dtx_skipped=0 keepalive=24
1789913125.361 17:05:25.360 << pong id=42 rtt=11ms offset=25847998.5ms | estimate offset=25847998.5ms (rtt 9ms)
1789913127.358 17:05:27.358 << pong id=43 rtt=12ms offset=25847998.0ms | estimate offset=25847998.5ms (rtt 9ms)
1789913128.532 17:05:28.532 >> {"t":"talk.open","by":"client"}
1789913128.551 17:05:28.551 << {"t":"talk.open","by":"client"}
1789913128.551 17:05:28.551 TALK OPEN - sending 440 Hz tone
1789913128.552 17:05:28.552 << {"t":"state","talk":true,"queue":[]}
1789913129.343 17:05:29.342 voice rx: rx=583 ka=61 played=582 fec=0 plc=0 late=4 dup=0 dtx=2 starved=81 underruns=4 trimmed=0 depth=20ms target=40ms | tx: audio=2638 dtx_skipped=0 keepalive=27
1789913129.355 17:05:29.355 << pong id=44 rtt=11ms offset=25847998.5ms | estimate offset=25847998.5ms (rtt 9ms)
1789913131.344 17:05:31.343 voice rx: rx=612 ka=61 played=612 fec=0 plc=0 late=4 dup=0 dtx=2 starved=90 underruns=4 trimmed=0 depth=0ms target=40ms | tx: audio=2738 dtx_skipped=0 keepalive=27
1789913131.358 17:05:31.357 << pong id=45 rtt=10ms offset=25847998.0ms | estimate offset=25847998.5ms (rtt 9ms)
1789913133.344 17:05:33.344 voice rx: rx=637 ka=62 played=637 fec=0 plc=0 late=4 dup=0 dtx=2 starved=93 underruns=4 trimmed=0 depth=0ms target=40ms | tx: audio=2838 dtx_skipped=0 keepalive=27
1789913133.359 17:05:33.358 << pong id=46 rtt=9ms offset=25847998.5ms | estimate offset=25847998.5ms (rtt 9ms)
1789913135.346 17:05:35.345 voice rx: rx=644 ka=64 played=642 fec=0 plc=0 late=4 dup=0 dtx=2 starved=93 underruns=4 trimmed=0 depth=40ms target=40ms | tx: audio=2938 dtx_skipped=0 keepalive=27
1789913135.396 17:05:35.395 << pong id=47 rtt=46ms offset=25848016.0ms | estimate offset=25847998.5ms (rtt 9ms)
1789913137.347 17:05:37.346 voice rx: rx=674 ka=65 played=674 fec=0 plc=0 late=5 dup=0 dtx=2 starved=97 underruns=5 trimmed=0 depth=0ms target=60ms | tx: audio=3038 dtx_skipped=0 keepalive=27
1789913137.363 17:05:37.362 << pong id=48 rtt=12ms offset=25847999.0ms | estimate offset=25847998.5ms (rtt 9ms)
1789913139.348 17:05:39.347 voice rx: rx=721 ka=65 played=721 fec=0 plc=0 late=5 dup=0 dtx=2 starved=100 underruns=5 trimmed=0 depth=0ms target=60ms | tx: audio=3138 dtx_skipped=0 keepalive=27
1789913139.383 17:05:39.382 << pong id=49 rtt=30ms offset=25848009.0ms | estimate offset=25847998.5ms (rtt 9ms)
1789913141.348 17:05:41.348 voice rx: rx=768 ka=66 played=768 fec=0 plc=0 late=6 dup=0 dtx=2 starved=104 underruns=6 trimmed=0 depth=0ms target=80ms | tx: audio=3238 dtx_skipped=0 keepalive=27
1789913141.420 17:05:41.419 << pong id=50 rtt=68ms offset=25847971.0ms | estimate offset=25847998.5ms (rtt 9ms)
1789913143.351 17:05:43.350 voice rx: rx=823 ka=66 played=816 fec=0 plc=0 late=7 dup=0 dtx=2 starved=113 underruns=7 trimmed=0 depth=120ms target=100ms | tx: audio=3338 dtx_skipped=0 keepalive=27
1789913143.378 17:05:43.378 << pong id=51 rtt=24ms offset=25847991.0ms | estimate offset=25847998.5ms (rtt 9ms)
1789913145.351 17:05:45.351 voice rx: rx=865 ka=66 played=860 fec=2 plc=0 late=7 dup=0 dtx=3 starved=122 underruns=7 trimmed=0 depth=80ms target=100ms | tx: audio=3438 dtx_skipped=0 keepalive=27
1789913145.368 17:05:45.368 << pong id=52 rtt=13ms offset=25847998.5ms | estimate offset=25847998.5ms (rtt 9ms)
1789913147.354 17:05:47.353 voice rx: rx=925 ka=66 played=924 fec=2 plc=0 late=7 dup=0 dtx=7 starved=128 underruns=7 trimmed=0 depth=0ms target=100ms | tx: audio=3539 dtx_skipped=0 keepalive=27
1789913147.363 17:05:47.362 << pong id=53 rtt=8ms offset=25847999.0ms | estimate offset=25847999.0ms (rtt 8ms)
1789913148.535 17:05:48.535 voice: rx=962 ka=66 played=957 fec=2 plc=0 late=7 dup=0 dtx=10 starved=128 underruns=7 trimmed=0 depth=80ms target=100ms
1789913148.535 17:05:48.535 clock: offset=25847999.0ms rtt=8ms
1789913148.536 17:05:48.535 >> {"t":"talk.close","by":"client","reason":"trigger"}
1789913148.555 17:05:48.554 << {"t":"talk.close","by":"client","reason":"trigger"}
1789913148.555 17:05:48.554 TALK CLOSED
1789913148.555 17:05:48.554 << {"t":"state","talk":false,"queue":[]}
1789913149.355 17:05:49.354 voice rx: rx=964 ka=66 played=963 fec=2 plc=0 late=7 dup=0 dtx=10 starved=131 underruns=7 trimmed=0 depth=0ms target=100ms | tx: audio=3599 dtx_skipped=0 keepalive=27
1789913149.373 17:05:49.373 << pong id=54 rtt=17ms offset=25848001.5ms | estimate offset=25847999.0ms (rtt 8ms)
1789913151.373 17:05:51.373 << pong id=55 rtt=12ms offset=25848000.0ms | estimate offset=25847999.0ms (rtt 8ms)
1789913152.539 17:05:52.538 >> {"t":"bye","reason":"user"}
1789913152.539 17:05:52.539 voice (final): rx=964 ka=69 played=963 fec=2 plc=0 late=7 dup=0 dtx=10 starved=131 underruns=7 trimmed=0 depth=0ms target=100ms
1789913152.539 17:05:52.539 bye
